Microchip MPLAB XC8 Compiler V1.36 ()

Linker command line:

--edf=C:\Program Files (x86)\Microchip\xc8\v1.36\dat\en_msgs.txt -cs \
  -h+dist/default/production\lcdCan.X.production.sym \
  --cmf=dist/default/production\lcdCan.X.production.cmf -z -Q18F4480 \
  -oC:\Users\simon\AppData\Local\Temp\s8kg.2 \
  -Mdist/default/production/lcdCan.X.production.map -E1 -ver=XC8 \
  --acfsm=1493 -ASTACK=06Ch-02ffh -pstack=STACK -ACODE=00h-03FFFh \
  -ACONST=00h-03FFFh -ASMALLCONST=0300h-03FFhx61 -AMEDIUMCONST=0300h-03FFFh \
  -ACOMRAM=01h-05Fh -AABS1=00h-02FFh -ABIGRAM=01h-02FFh \
  -ARAM=060h-0FFh,0100h-01FFhx2 -ABANK0=060h-0FFh -ABANK1=0100h-01FFh \
  -ABANK2=0200h-02FFh -ASFR=0D00h-0DFFhx2,0F00h-0F5Fh,0F60h-0FFFh \
  -preset_vec=00h,intcode=08h,intcodelo,powerup,init,end_init \
  -pramtop=0300h -psmallconst=SMALLCONST -pmediumconst=MEDIUMCONST \
  -pconst=CONST -AFARRAM=00h-00h -ACONFIG=0300000h-030000Dh -pconfig=CONFIG \
  -AIDLOC=0200000h-0200007h -pidloc=IDLOC -AEEDATA=0F00000h-0F000FFh \
  -peeprom_data=EEDATA \
  -prdata=COMRAM,nvrram=COMRAM,nvbit=COMRAM,rbss=COMRAM,rbit=COMRAM \
  -pfarbss=FARRAM,fardata=FARRAM,nvFARRAM=FARRAM \
  -pintsave_regs=BIGRAM,bigbss=BIGRAM,bigdata=BIGRAM -pbss=RAM \
  -pidata=CODE,irdata=CODE,ibigdata=CODE,ifardata=CODE -prparam=COMRAM \
  C:\Users\simon\AppData\Local\Temp\s8kg.obj \
  dist/default/production\lcdCan.X.production.obj 

Object code version is 3.11

Machine type is 18F4480

Call graph: (short form)




                Name                               Link     Load   Length Selector   Space Scale
C:\Users\simon\AppData\Local\Temp\s8kg.obj
                end_init                             16       16        4        4       0
                reset_vec                             0        0        4        0       0
                idloc                            200000   200000        8   200000       0
                config                           300000   300000        E   300000       0
dist/default/production\lcdCan.X.production.obj
                intcode                               8        8        E        4       0
                temp                                 45       45        1        1       1
                smallconst                          300      300        6      180       0
                text21                             1B66     1B66       16      183       0
                text20                              C62      C62      50C      183       0
                intcode_body                       1898     1898       88      183       0
                text18                             1B0A     1B0A       26      183       0
                text17                             1A04     1A04       32      183       0
                text16                             1B30     1B30       1E      183       0
                text15                             1A36     1A36       30      183       0
                text14                             174A     174A       B8      183       0
                text13                             19CC     19CC       38      183       0
                text12                             1B4E     1B4E       18      183       0
                text11                             1AE4     1AE4       26      183       0
                text10                             1ABC     1ABC       28      183       0
                text9                              1B8E     1B8E        8      183       0
                text8                              1630     1630      11A      183       0
                text7                              1802     1802       96      183       0
                text6                              1A92     1A92       2A      183       0
                text5                              1B7C     1B7C       12      183       0
                text4                               306      306      95C      183       0
                text3                              116E     116E      310      183       0
                text2                              147E     147E      1B2      183       0
                text1                              197A     197A       52      183       0
                text0                              1920     1920       5A      183       0
                cstackCOMRAM                          1        1       2A        1       1
                cstackBANK0                          60       60        C       60       1
                dataCOMRAM                           44       44        1        1       1
                bssCOMRAM                            2B       2B       19        1       1
                cinit                              1A66     1A66       2C      183       0
                idataCOMRAM                        1B96     1B96        1      183       0

TOTAL           Name                               Link     Load   Length     Space
        CLASS   STACK          

        CLASS   CODE           
                end_init                             16       16        4         0
                intcode                               8        8        E         0
                reset_vec                             0        0        4         0
                text21                             1B66     1B66       16         0
                text20                              C62      C62      50C         0
                intcode_body                       1898     1898       88         0
                text18                             1B0A     1B0A       26         0
                text17                             1A04     1A04       32         0
                text16                             1B30     1B30       1E         0
                text15                             1A36     1A36       30         0
                text14                             174A     174A       B8         0
                text13                             19CC     19CC       38         0
                text12                             1B4E     1B4E       18         0
                text11                             1AE4     1AE4       26         0
                text10                             1ABC     1ABC       28         0
                text9                              1B8E     1B8E        8         0
                text8                              1630     1630      11A         0
                text7                              1802     1802       96         0
                text6                              1A92     1A92       2A         0
                text5                              1B7C     1B7C       12         0
                text4                               306      306      95C         0
                text3                              116E     116E      310         0
                text2                              147E     147E      1B2         0
                text1                              197A     197A       52         0
                text0                              1920     1920       5A         0
                cinit                              1A66     1A66       2C         0
                idataCOMRAM                        1B96     1B96        1         0

        CLASS   CONST          

        CLASS   SMALLCONST     
                smallconst                          300      300        6         0

        CLASS   MEDIUMCONST    

        CLASS   COMRAM         
                temp                                 45       45        1         1
                cstackCOMRAM                          1        1       2A         1
                dataCOMRAM                           44       44        1         1
                bssCOMRAM                            2B       2B       19         1

        CLASS   ABS1           

        CLASS   BIGRAM         

        CLASS   RAM            

        CLASS   BANK0          
                cstackBANK0                          60       60        C         1

        CLASS   BANK1          

        CLASS   BANK2          

        CLASS   SFR            

        CLASS   FARRAM         

        CLASS   CONFIG         
                config                           300000   300000        E         0

        CLASS   IDLOC          
                idloc                            200000   200000        8         0

        CLASS   EEDATA         



SEGMENTS        Name                           Load    Length   Top    Selector   Space  Class

                reset_vec                      000000  000004  000004         0       0  CODE    
                cstackCOMRAM                   000001  000045  000046         1       1  COMRAM  
                intcode                        000008  000012  00001A         4       0  CODE    
                cstackBANK0                    000060  00000C  00006C        60       1  BANK0   
                smallconst                     000300  000006  000306       180       0  SMALLCON
                text4                          000306  001891  001B97       183       0  CODE    
                idloc                          200000  000008  200008    200000       0  IDLOC   
                config                         300000  00000E  30000E    300000       0  CONFIG  


UNUSED ADDRESS RANGES

        Name                Unused          Largest block    Delta
        BANK0            00006C-0000FF               94
        BANK1            000100-0001FF              100
        BANK2            000200-0002FF              100
        BIGRAM           000046-00005F               1A
                         00006C-0002FF              294
        CODE             000004-000007                4
                         00001A-0002FF              2E6
                         001B97-003FFF             2469
        COMRAM           000046-00005F               1A
        CONST            000004-000007                4
                         00001A-0002FF              2E6
                         001B97-003FFF             2469
        EEDATA           F00000-F000FF              100
        MEDIUMCONST      001B97-003FFF             2469
        RAM              00006C-0002FF              100
        SFR              000D00-000FFF              100
        SMALLCONST       001B97-003FFF              100
        STACK            00006C-0002FF              294

                                  Symbol Table

?___wmul                         cstackCOMRAM 00001B
CANInitialize@BRP                cstackBANK0  000063
CANInitialize@FilterConfig1      cstackBANK0  00006A
CANInitialize@FilterConfig2      cstackBANK0  00006B
CANInitialize@SJW                cstackBANK0  000062
CANInitialize@flags              cstackBANK0  000064
CANInitialize@phaseSeg1          cstackBANK0  000060
CANInitialize@phaseSeg2          cstackBANK0  000061
CANInitialize@propSeg            cstackBANK0  000069
CANOperationMode@mode            cstackCOMRAM 00001B
CANSetFilter@filter              cstackCOMRAM 00001B
CANSetFilter@numBuffer           cstackCOMRAM 000024
CANSetFilter@tamp                cstackCOMRAM 000025
CANSetFilter@type                cstackCOMRAM 00001F
CANSetMask@mask                  cstackCOMRAM 00001B
CANSetMask@numBuffer             cstackCOMRAM 000024
CANSetMask@tamp                  cstackCOMRAM 000025
CANSetMask@type                  cstackCOMRAM 00001F
CANreceiveMessage@error          cstackCOMRAM 00000B
CANreceiveMessage@msg            cstackCOMRAM 000001
CANreceiveMessage@tamp           cstackCOMRAM 00000C
LCD_cursor@active                cstackCOMRAM 000028
LCD_cursor@blinking              cstackCOMRAM 000027
LCD_goto_line@line               cstackCOMRAM 000027
LCD_goto_xy@x                    cstackBANK0  000060
LCD_goto_xy@y                    cstackCOMRAM 00002A
LCD_initialize@quartz_frequency  cstackCOMRAM 000029
LCD_send_command@D0              cstackCOMRAM 000025
LCD_send_command@D1              cstackCOMRAM 000024
LCD_send_command@D2              cstackCOMRAM 000023
LCD_send_command@D3              cstackCOMRAM 000026
LCD_shift_cursor@i               cstackCOMRAM 000029
LCD_shift_cursor@number_of_shift cstackCOMRAM 000027
LCD_shift_cursor@shift           cstackCOMRAM 000028
LCD_write_char@D0                cstackBANK0  000063
LCD_write_char@D1                cstackBANK0  000062
LCD_write_char@D2                cstackBANK0  000061
LCD_write_char@D3                cstackBANK0  000060
LCD_write_char@value             cstackBANK0  000064
LCD_write_integer@F16315         bssCOMRAM    00002B
LCD_write_message@buffer         cstackCOMRAM 000027
_BRGCON1                         (abs)        000F70
_BRGCON2                         (abs)        000F71
_BRGCON2bits                     (abs)        000F71
_BRGCON3                         (abs)        000F72
_BRGCON3bits                     (abs)        000F72
_CANCON                          (abs)        000F6F
_CANCONbits                      (abs)        000F6F
_CANInitialize                   text2        00147E
_CANOperationMode                text5        001B7C
_CANSTAT                         (abs)        000F6E
_CANSetFilter                    text4        000306
_CANSetMask                      text3        00116E
_CANisRxReady                    text21       001B66
_CANisRxReady$2542               cstackCOMRAM 000001
_CANreceiveMessage               text20       000C62
_COMSTATbits                     (abs)        000F74
_IPR3bits                        (abs)        000FA5
_ISR_Alta                        intcode      000008
_LATA                            (abs)        000F89
_LATB                            (abs)        000F8A
_LATC                            (abs)        000F8B
_LATCbits                        (abs)        000F8B
_LATD                            (abs)        000F8C
_LATDbits                        (abs)        000F8C
_LATE                            (abs)        000F8D
_LCD_clear                       text11       001AE4
_LCD_cursor                      text10       001ABC
_LCD_enable_pulse                text16       001B30
_LCD_goto_line                   text14       00174A
_LCD_goto_xy                     text12       001B4E
_LCD_initialize                  text8        001630
_LCD_send_command                text15       001A36
_LCD_shift_cursor                text13       0019CC
_LCD_write_char                  text7        001802
_LCD_write_message               text6        001A92
_PIE3bits                        (abs)        000FA3
_PIR3bits                        (abs)        000FA4
_RXB0CON                         (abs)        000F60
_RXB0CONbits                     (abs)        000F60
_RXB0D0                          (abs)        000F66
_RXB0D1                          (abs)        000F67
_RXB0D2                          (abs)        000F68
_RXB0D3                          (abs)        000F69
_RXB0D4                          (abs)        000F6A
_RXB0D5                          (abs)        000F6B
_RXB0D6                          (abs)        000F6C
_RXB0D7                          (abs)        000F6D
_RXB0DLC                         (abs)        000F65
_RXB0DLCbits                     (abs)        000F65
_RXB0EIDH                        (abs)        000F63
_RXB0EIDL                        (abs)        000F64
_RXB0SIDH                        (abs)        000F61
_RXB0SIDL                        (abs)        000F62
_RXB0SIDLbits                    (abs)        000F62
_RXB1CON                         (abs)        000F50
_RXB1CONbits                     (abs)        000F50
_RXB1D0                          (abs)        000F56
_RXB1D1                          (abs)        000F57
_RXB1D2                          (abs)        000F58
_RXB1D3                          (abs)        000F59
_RXB1D4                          (abs)        000F5A
_RXB1D5                          (abs)        000F5B
_RXB1D6                          (abs)        000F5C
_RXB1D7                          (abs)        000F5D
_RXB1DLC                         (abs)        000F55
_RXB1DLCbits                     (abs)        000F55
_RXB1EIDH                        (abs)        000F53
_RXB1EIDL                        (abs)        000F54
_RXB1SIDH                        (abs)        000F51
_RXB1SIDL                        (abs)        000F52
_RXB1SIDLbits                    (abs)        000F52
_RXERRCNT                        (abs)        000F75
_RXF0EIDH                        (abs)        000F02
_RXF0EIDL                        (abs)        000F03
_RXF0SIDH                        (abs)        000F00
_RXF0SIDL                        (abs)        000F01
_RXF0SIDLbits                    (abs)        000F01
_RXF1EIDH                        (abs)        000F06
_RXF1EIDL                        (abs)        000F07
_RXF1SIDH                        (abs)        000F04
_RXF1SIDL                        (abs)        000F05
_RXF1SIDLbits                    (abs)        000F05
_RXF2EIDH                        (abs)        000F0A
_RXF2EIDL                        (abs)        000F0B
_RXF2SIDH                        (abs)        000F08
_RXF2SIDL                        (abs)        000F09
_RXF2SIDLbits                    (abs)        000F09
_RXF3EIDH                        (abs)        000F0E
_RXF3EIDL                        (abs)        000F0F
_RXF3SIDH                        (abs)        000F0C
_RXF3SIDL                        (abs)        000F0D
_RXF3SIDLbits                    (abs)        000F0D
_RXF4EIDH                        (abs)        000F12
_RXF4EIDL                        (abs)        000F13
_RXF4SIDH                        (abs)        000F10
_RXF4SIDL                        (abs)        000F11
_RXF4SIDLbits                    (abs)        000F11
_RXF5EIDH                        (abs)        000F16
_RXF5EIDL                        (abs)        000F17
_RXF5SIDH                        (abs)        000F14
_RXF5SIDL                        (abs)        000F15
_RXF5SIDLbits                    (abs)        000F15
_RXM0EIDH                        (abs)        000F1A
_RXM0EIDL                        (abs)        000F1B
_RXM0SIDH                        (abs)        000F18
_RXM0SIDL                        (abs)        000F19
_RXM0SIDLbits                    (abs)        000F19
_RXM1EIDH                        (abs)        000F1E
_RXM1EIDL                        (abs)        000F1F
_RXM1SIDH                        (abs)        000F1C
_RXM1SIDL                        (abs)        000F1D
_RXM1SIDLbits                    (abs)        000F1D
_TRISA                           (abs)        000F92
_TRISB                           (abs)        000F93
_TRISC                           (abs)        000F94
_TRISD                           (abs)        000F95
_TRISE                           (abs)        000F96
_TXB0CONbits                     (abs)        000F40
_TXB0D0                          (abs)        000F46
_TXB0D1                          (abs)        000F47
_TXB0D2                          (abs)        000F48
_TXB0D3                          (abs)        000F49
_TXB0D4                          (abs)        000F4A
_TXB0D5                          (abs)        000F4B
_TXB0D6                          (abs)        000F4C
_TXB0D7                          (abs)        000F4D
_TXB0DLC                         (abs)        000F45
_TXB0DLCbits                     (abs)        000F45
_TXB0EIDH                        (abs)        000F43
_TXB0EIDL                        (abs)        000F44
_TXB0SIDH                        (abs)        000F41
_TXB0SIDL                        (abs)        000F42
_TXB0SIDLbits                    (abs)        000F42
_TXB1CONbits                     (abs)        000F30
_TXB1D0                          (abs)        000F36
_TXB1D1                          (abs)        000F37
_TXB1D2                          (abs)        000F38
_TXB1D3                          (abs)        000F39
_TXB1D4                          (abs)        000F3A
_TXB1D5                          (abs)        000F3B
_TXB1D6                          (abs)        000F3C
_TXB1D7                          (abs)        000F3D
_TXB1DLC                         (abs)        000F35
_TXB1DLCbits                     (abs)        000F35
_TXB1EIDH                        (abs)        000F33
_TXB1EIDL                        (abs)        000F34
_TXB1SIDH                        (abs)        000F31
_TXB1SIDL                        (abs)        000F32
_TXB1SIDLbits                    (abs)        000F32
_TXB2CONbits                     (abs)        000F20
_TXB2D0                          (abs)        000F26
_TXB2D1                          (abs)        000F27
_TXB2D2                          (abs)        000F28
_TXB2D3                          (abs)        000F29
_TXB2D4                          (abs)        000F2A
_TXB2D5                          (abs)        000F2B
_TXB2D6                          (abs)        000F2C
_TXB2D7                          (abs)        000F2D
_TXB2DLC                         (abs)        000F25
_TXB2DLCbits                     (abs)        000F25
_TXB2EIDH                        (abs)        000F23
_TXB2EIDL                        (abs)        000F24
_TXB2SIDH                        (abs)        000F21
_TXB2SIDL                        (abs)        000F22
_TXB2SIDLbits                    (abs)        000F22
_TXERRCNT                        (abs)        000F76
__CFG_BBSIZ$1024                 (abs)        000000
__CFG_BOREN$BOHW                 (abs)        000000
__CFG_BORV$3                     (abs)        000000
__CFG_CP0$OFF                    (abs)        000000
__CFG_CP1$OFF                    (abs)        000000
__CFG_CPB$OFF                    (abs)        000000
__CFG_CPD$OFF                    (abs)        000000
__CFG_EBTR0$OFF                  (abs)        000000
__CFG_EBTR1$OFF                  (abs)        000000
__CFG_EBTRB$OFF                  (abs)        000000
__CFG_FCMEN$OFF                  (abs)        000000
__CFG_IESO$OFF                   (abs)        000000
__CFG_LPT1OSC$OFF                (abs)        000000
__CFG_LVP$ON                     (abs)        000000
__CFG_MCLRE$ON                   (abs)        000000
__CFG_OSC$HS                     (abs)        000000
__CFG_PBADEN$ON                  (abs)        000000
__CFG_PWRT$OFF                   (abs)        000000
__CFG_STVREN$ON                  (abs)        000000
__CFG_WDT$OFF                    (abs)        000000
__CFG_WDTPS$32768                (abs)        000000
__CFG_WRT0$OFF                   (abs)        000000
__CFG_WRT1$OFF                   (abs)        000000
__CFG_WRTB$OFF                   (abs)        000000
__CFG_WRTC$OFF                   (abs)        000000
__CFG_WRTD$OFF                   (abs)        000000
__CFG_XINST$OFF                  (abs)        000000
__HRAM                           (abs)        000000
__Habs1                          abs1         000000
__Hbank0                         bank0        000000
__Hbank1                         bank1        000000
__Hbank2                         bank2        000000
__Hbigbss                        bigbss       000000
__Hbigdata                       bigdata      000000
__Hbigram                        bigram       000000
__Hbss                           bss          000000
__HbssCOMRAM                     bssCOMRAM    000000
__Hcinit                         cinit        000000
__Hclrtext                       clrtext      000000
__Hcomram                        comram       000000
__Hconfig                        config       30000E
__Hconst                         const        000000
__HcstackBANK0                   cstackBANK0  000000
__HcstackCOMRAM                  cstackCOMRAM 000000
__Hdata                          data         000000
__HdataCOMRAM                    dataCOMRAM   000000
__Heeprom_data                   eeprom_data  000000
__Hend_init                      end_init     00001A
__Hfarbss                        farbss       000000
__Hfardata                       fardata      000000
__Hibigdata                      ibigdata     000000
__Hidata                         idata        000000
__HidataCOMRAM                   idataCOMRAM  000000
__Hidloc                         idloc        200008
__Hifardata                      ifardata     000000
__Hinit                          init         000016
__Hintcode                       intcode      000016
__Hintcode_body                  intcode_body 000000
__Hintcodelo                     intcodelo    000016
__Hintentry                      intentry     000000
__Hintret                        intret       000000
__Hintsave_regs                  intsave_regs 000000
__Hirdata                        irdata       000000
__Hmediumconst                   mediumconst  000000
__HnvFARRAM                      nvFARRAM     000000
__Hnvbit                         nvbit        000000
__Hnvrram                        nvrram       000000
__Hparam                         rparam       000000
__Hpowerup                       powerup      000016
__Hram                           ram          000000
__Hramtop                        ramtop       000300
__Hrbit                          rbit         000000
__Hrbss                          rbss         000000
__Hrdata                         rdata        000000
__Hreset_vec                     reset_vec    000004
__Hrparam                        rparam       000000
__Hsfr                           sfr          000000
__Hsmallconst                    smallconst   000306
__Hspace_0                       (abs)        30000E
__Hspace_1                       (abs)        00006C
__Hspace_2                       (abs)        000000
__Hstack                         stack        000000
__Hstruct                        struct       000000
__Htemp                          temp         000046
__Htext                          text         000000
__Htext0                         text0        000000
__Htext1                         text1        000000
__Htext10                        text10       000000
__Htext11                        text11       000000
__Htext12                        text12       000000
__Htext13                        text13       000000
__Htext14                        text14       000000
__Htext15                        text15       000000
__Htext16                        text16       000000
__Htext17                        text17       000000
__Htext18                        text18       000000
__Htext2                         text2        000000
__Htext20                        text20       000000
__Htext21                        text21       000000
__Htext3                         text3        000000
__Htext4                         text4        000000
__Htext5                         text5        000000
__Htext6                         text6        000000
__Htext7                         text7        000000
__Htext8                         text8        000000
__Htext9                         text9        000000
__LRAM                           (abs)        000001
__Labs1                          abs1         000000
__Lbank0                         bank0        000000
__Lbank1                         bank1        000000
__Lbank2                         bank2        000000
__Lbigbss                        bigbss       000000
__Lbigdata                       bigdata      000000
__Lbigram                        bigram       000000
__Lbss                           bss          000000
__LbssCOMRAM                     bssCOMRAM    000000
__Lcinit                         cinit        000000
__Lclrtext                       clrtext      000000
__Lcomram                        comram       000000
__Lconfig                        config       300000
__Lconst                         const        000000
__LcstackBANK0                   cstackBANK0  000000
__LcstackCOMRAM                  cstackCOMRAM 000000
__Ldata                          data         000000
__LdataCOMRAM                    dataCOMRAM   000000
__Leeprom_data                   eeprom_data  000000
__Lend_init                      end_init     000016
__Lfarbss                        farbss       000000
__Lfardata                       fardata      000000
__Libigdata                      ibigdata     000000
__Lidata                         idata        000000
__LidataCOMRAM                   idataCOMRAM  000000
__Lidloc                         idloc        200000
__Lifardata                      ifardata     000000
__Linit                          init         000016
__Lintcode                       intcode      000008
__Lintcode_body                  intcode_body 000000
__Lintcodelo                     intcodelo    000016
__Lintentry                      intentry     000000
__Lintret                        intret       000000
__Lintsave_regs                  intsave_regs 000000
__Lirdata                        irdata       000000
__Lmediumconst                   mediumconst  000000
__LnvFARRAM                      nvFARRAM     000000
__Lnvbit                         nvbit        000000
__Lnvrram                        nvrram       000000
__Lparam                         rparam       000000
__Lpowerup                       powerup      000016
__Lram                           ram          000000
__Lramtop                        ramtop       000300
__Lrbit                          rbit         000000
__Lrbss                          rbss         000000
__Lrdata                         rdata        000000
__Lreset_vec                     reset_vec    000000
__Lrparam                        rparam       000000
__Lsfr                           sfr          000000
__Lsmallconst                    smallconst   000300
__Lspace_0                       (abs)        000000
__Lspace_1                       (abs)        000000
__Lspace_2                       (abs)        000000
__Lstack                         stack        000000
__Lstruct                        struct       000000
__Ltemp                          temp         000045
__Ltext                          text         000000
__Ltext0                         text0        000000
__Ltext1                         text1        000000
__Ltext10                        text10       000000
__Ltext11                        text11       000000
__Ltext12                        text12       000000
__Ltext13                        text13       000000
__Ltext14                        text14       000000
__Ltext15                        text15       000000
__Ltext16                        text16       000000
__Ltext17                        text17       000000
__Ltext18                        text18       000000
__Ltext2                         text2        000000
__Ltext20                        text20       000000
__Ltext21                        text21       000000
__Ltext3                         text3        000000
__Ltext4                         text4        000000
__Ltext5                         text5        000000
__Ltext6                         text6        000000
__Ltext7                         text7        000000
__Ltext8                         text8        000000
__Ltext9                         text9        000000
__S0                             (abs)        30000E
__S1                             (abs)        00006C
__S2                             (abs)        000000
___inthi_sp                      stack        000000
___intlo_sp                      stack        000000
___param_bank                    (abs)        000010
___rparam_used                   (abs)        000001
___sp                            stack        000000
___wmul                          text18       001B0A
___wmul@multiplicand             cstackCOMRAM 00001D
___wmul@multiplier               cstackCOMRAM 00001B
___wmul@product                  cstackCOMRAM 00001F
__accesstop                      (abs)        000060
__activetblptr                   (abs)        000002
__end_of_CANInitialize           text2        001630
__end_of_CANOperationMode        text5        001B8E
__end_of_CANSetFilter            text4        000C62
__end_of_CANSetMask              text3        00147E
__end_of_CANisRxReady            text21       001B7C
__end_of_CANreceiveMessage       text20       00116E
__end_of_ISR_Alta                intcode_body 001920
__end_of_LCD_clear               text11       001B0A
__end_of_LCD_cursor              text10       001AE4
__end_of_LCD_enable_pulse        text16       001B4E
__end_of_LCD_goto_line           text14       001802
__end_of_LCD_goto_xy             text12       001B66
__end_of_LCD_initialize          text8        00174A
__end_of_LCD_send_command        text15       001A66
__end_of_LCD_shift_cursor        text13       001A04
__end_of_LCD_write_char          text7        001898
__end_of_LCD_write_message       text6        001ABC
__end_of___wmul                  text18       001B30
__end_of__initialization         cinit        001A84
__end_of_configurazione          text1        0019CC
__end_of_delay_ms                text17       001A36
__end_of_delay_set_quartz        text9        001B96
__end_of_main                    text0        00197A
__initialization                 cinit        001A66
__mediumconst                    mediumconst  000000
__pbssCOMRAM                     bssCOMRAM    00002B
__pcinit                         cinit        001A66
__pcstackBANK0                   cstackBANK0  000060
__pcstackCOMRAM                  cstackCOMRAM 000001
__pdataCOMRAM                    dataCOMRAM   000044
__pidataCOMRAM                   idataCOMRAM  001B96
__pintcode                       intcode      000008
__pintcode_body                  intcode_body 001898
__psmallconst                    smallconst   000300
__ptext0                         text0        001920
__ptext1                         text1        00197A
__ptext10                        text10       001ABC
__ptext11                        text11       001AE4
__ptext12                        text12       001B4E
__ptext13                        text13       0019CC
__ptext14                        text14       00174A
__ptext15                        text15       001A36
__ptext16                        text16       001B30
__ptext17                        text17       001A04
__ptext18                        text18       001B0A
__ptext2                         text2        00147E
__ptext20                        text20       000C62
__ptext21                        text21       001B66
__ptext3                         text3        00116E
__ptext4                         text4        000306
__ptext5                         text5        001B7C
__ptext6                         text6        001A92
__ptext7                         text7        001802
__ptext8                         text8        001630
__ptext9                         text9        001B8E
__ramtop                         ramtop       000300
__size_of_CANInitialize          (abs)        000000
__size_of_CANOperationMode       (abs)        000000
__size_of_CANSetFilter           (abs)        000000
__size_of_CANSetMask             (abs)        000000
__size_of_CANisRxReady           (abs)        000000
__size_of_CANreceiveMessage      (abs)        000000
__size_of_ISR_Alta               (abs)        000000
__size_of_LCD_clear              (abs)        000000
__size_of_LCD_cursor             (abs)        000000
__size_of_LCD_enable_pulse       (abs)        000000
__size_of_LCD_goto_line          (abs)        000000
__size_of_LCD_goto_xy            (abs)        000000
__size_of_LCD_initialize         (abs)        000000
__size_of_LCD_send_command       (abs)        000000
__size_of_LCD_shift_cursor       (abs)        000000
__size_of_LCD_write_char         (abs)        000000
__size_of_LCD_write_message      (abs)        000000
__size_of___wmul                 (abs)        000000
__size_of_configurazione         (abs)        000000
__size_of_delay_ms               (abs)        000000
__size_of_delay_set_quartz       (abs)        000000
__size_of_main                   (abs)        000000
__smallconst                     smallconst   000300
_clock_counter_reference         bssCOMRAM    000031
_configurazione                  text1        00197A
_data                            bssCOMRAM    000033
_delay_ms                        text17       001A04
_delay_quartz_frequency_value    dataCOMRAM   000044
_delay_set_quartz                text9        001B8E
_id                              bssCOMRAM    000034
_main                            text0        001920
_msg                             bssCOMRAM    000035
btemp                            temp         000045
delay_ms@value_ms                cstackCOMRAM 000021
delay_set_quartz@frequency       cstackCOMRAM 00001B
end_of_initialization            cinit        001A84
int$flags                        temp         000045
int_func                         intcode_body 001898
intlevel0                        text         000000
intlevel1                        text         000000
intlevel2                        text         000000
intlevel3                        text         000000
stackhi                          (abs)        0002FF
stacklo                          (abs)        00006C
start                            init         000016
start_initialization             cinit        001A66


FUNCTION INFORMATION:

 *************** function _main *****************
 Defined at:
		line 23 in file "lcdCan.c"
 Parameters:    Size  Location     Type
		None
 Auto vars:     Size  Location     Type
		None
 Return value:  Size  Location     Type
                  1    wreg      void 
 Registers used:
		wreg, status,2, status,0, tblptrl, tblptrh, tblptru, prodl, prodh, cstack
 Tracked objects:
		On entry : 
		On exit  : 
		Unchanged: 
 Data sizes:     COMRAM   BANK0   BANK1   BANK2
      Params:         0       0       0       0
      Locals:         0       0       0       0
      Temps:          0       0       0       0
      Totals:         0       0       0       0
Total ram usage:        0 bytes
 Hardware stack levels required when called:    8
 This function calls:
		_LCD_clear
		_LCD_goto_xy
		_LCD_initialize
		_LCD_write_char
		_LCD_write_message
		_configurazione
		_delay_ms
 This function is called by:
		Startup code after reset
 This function uses a non-reentrant model


 *************** function _configurazione *****************
 Defined at:
		line 40 in file "lcdCan.c"
 Parameters:    Size  Location     Type
		None
 Auto vars:     Size  Location     Type
		None
 Return value:  Size  Location     Type
                  1    wreg      void 
 Registers used:
		wreg, status,2, status,0, cstack
 Tracked objects:
		On entry : 
		On exit  : 
		Unchanged: 
 Data sizes:     COMRAM   BANK0   BANK1   BANK2
      Params:         0       0       0       0
      Locals:         0       0       0       0
      Temps:          0       0       0       0
      Totals:         0       0       0       0
Total ram usage:        0 bytes
 Hardware stack levels used:    1
 Hardware stack levels required when called:    4
 This function calls:
		_CANInitialize
 This function is called by:
		_main
 This function uses a non-reentrant model


 *************** function _CANInitialize *****************
 Defined at:
		line 218 in file "I:/Tesina/LaurTec_PIC_libraries_v_3.3.0/inc\CANlib.h"
 Parameters:    Size  Location     Type
  propSeg         1    wreg     unsigned char 
  phaseSeg1       1    0[BANK0 ] unsigned char 
  phaseSeg2       1    1[BANK0 ] unsigned char 
  SJW             1    2[BANK0 ] unsigned char 
  BRP             1    3[BANK0 ] unsigned char 
  flags           1    4[BANK0 ] enum E15929
 Auto vars:     Size  Location     Type
  propSeg         1    9[BANK0 ] unsigned char 
  FilterConfig    1   11[BANK0 ] unsigned char 
  FilterConfig    1   10[BANK0 ] unsigned char 
 Return value:  Size  Location     Type
                  1    wreg      void 
 Registers used:
		wreg, status,2, status,0, cstack
 Tracked objects:
		On entry : 
		On exit  : 
		Unchanged: 
 Data sizes:     COMRAM   BANK0   BANK1   BANK2
      Params:         0       5       0       0
      Locals:         0       3       0       0
      Temps:          0       4       0       0
      Totals:         0      12       0       0
Total ram usage:       12 bytes
 Hardware stack levels used:    1
 Hardware stack levels required when called:    3
 This function calls:
		_CANOperationMode
		_CANSetFilter
		_CANSetMask
 This function is called by:
		_configurazione
 This function uses a non-reentrant model


 *************** function _CANSetMask *****************
 Defined at:
		line 640 in file "I:/Tesina/LaurTec_PIC_libraries_v_3.3.0/inc\CANlib.h"
 Parameters:    Size  Location     Type
  numBuffer       1    wreg     enum E15963
  mask            4   26[COMRAM] unsigned long 
  type            1   30[COMRAM] enum E15929
 Auto vars:     Size  Location     Type
  numBuffer       1   35[COMRAM] enum E15963
  tamp            4   36[COMRAM] unsigned long 
 Return value:  Size  Location     Type
                  1    wreg      void 
 Registers used:
		wreg, status,2, status,0
 Tracked objects:
		On entry : 
		On exit  : 
		Unchanged: 
 Data sizes:     COMRAM   BANK0   BANK1   BANK2
      Params:         5       0       0       0
      Locals:         5       0       0       0
      Temps:          4       0       0       0
      Totals:        14       0       0       0
Total ram usage:       14 bytes
 Hardware stack levels used:    1
 Hardware stack levels required when called:    2
 This function calls:
		Nothing
 This function is called by:
		_CANInitialize
 This function uses a non-reentrant model


 *************** function _CANSetFilter *****************
 Defined at:
		line 748 in file "I:/Tesina/LaurTec_PIC_libraries_v_3.3.0/inc\CANlib.h"
 Parameters:    Size  Location     Type
  numBuffer       1    wreg     enum E15966
  filter          4   26[COMRAM] unsigned long 
  type            1   30[COMRAM] enum E15929
 Auto vars:     Size  Location     Type
  numBuffer       1   35[COMRAM] enum E15966
  tamp            4   36[COMRAM] unsigned long 
 Return value:  Size  Location     Type
                  1    wreg      void 
 Registers used:
		wreg, status,2, status,0
 Tracked objects:
		On entry : 
		On exit  : 
		Unchanged: 
 Data sizes:     COMRAM   BANK0   BANK1   BANK2
      Params:         5       0       0       0
      Locals:         5       0       0       0
      Temps:          4       0       0       0
      Totals:        14       0       0       0
Total ram usage:       14 bytes
 Hardware stack levels used:    1
 Hardware stack levels required when called:    2
 This function calls:
		Nothing
 This function is called by:
		_CANInitialize
 This function uses a non-reentrant model


 *************** function _CANOperationMode *****************
 Defined at:
		line 206 in file "I:/Tesina/LaurTec_PIC_libraries_v_3.3.0/inc\CANlib.h"
 Parameters:    Size  Location     Type
  mode            1    wreg     enum E15923
 Auto vars:     Size  Location     Type
  mode            1   26[COMRAM] enum E15923
 Return value:  Size  Location     Type
                  1    wreg      void 
 Registers used:
		wreg, status,2, status,0
 Tracked objects:
		On entry : 
		On exit  : 
		Unchanged: 
 Data sizes:     COMRAM   BANK0   BANK1   BANK2
      Params:         0       0       0       0
      Locals:         1       0       0       0
      Temps:          0       0       0       0
      Totals:         1       0       0       0
Total ram usage:        1 bytes
 Hardware stack levels used:    1
 Hardware stack levels required when called:    2
 This function calls:
		Nothing
 This function is called by:
		_CANInitialize
 This function uses a non-reentrant model


 *************** function _LCD_write_message *****************
 Defined at:
		line 178 in file "I:/Tesina/LaurTec_PIC_libraries_v_3.3.0/src\LCD_44780.c"
 Parameters:    Size  Location     Type
  buffer          2   38[COMRAM] PTR const unsigned char 
		 -> STR_1(3), 
 Auto vars:     Size  Location     Type
		None
 Return value:  Size  Location     Type
                  1    wreg      void 
 Registers used:
		wreg, status,2, status,0, tblptrl, tblptrh, tblptru, prodl, prodh, cstack
 Tracked objects:
		On entry : 
		On exit  : 
		Unchanged: 
 Data sizes:     COMRAM   BANK0   BANK1   BANK2
      Params:         2       0       0       0
      Locals:         0       0       0       0
      Temps:          0       0       0       0
      Totals:         2       0       0       0
Total ram usage:        2 bytes
 Hardware stack levels used:    1
 Hardware stack levels required when called:    7
 This function calls:
		_LCD_write_char
 This function is called by:
		_main
 This function uses a non-reentrant model


 *************** function _LCD_write_char *****************
 Defined at:
		line 145 in file "I:/Tesina/LaurTec_PIC_libraries_v_3.3.0/src\LCD_44780.c"
 Parameters:    Size  Location     Type
  value           1    wreg     unsigned char 
 Auto vars:     Size  Location     Type
  value           1    4[BANK0 ] unsigned char 
  D0              1    3[BANK0 ] unsigned char 
  D1              1    2[BANK0 ] unsigned char 
  D2              1    1[BANK0 ] unsigned char 
  D3              1    0[BANK0 ] unsigned char 
 Return value:  Size  Location     Type
                  1    wreg      void 
 Registers used:
		wreg, status,2, status,0, prodl, prodh, cstack
 Tracked objects:
		On entry : 
		On exit  : 
		Unchanged: 
 Data sizes:     COMRAM   BANK0   BANK1   BANK2
      Params:         0       0       0       0
      Locals:         0       5       0       0
      Temps:          0       0       0       0
      Totals:         0       5       0       0
Total ram usage:        5 bytes
 Hardware stack levels used:    1
 Hardware stack levels required when called:    6
 This function calls:
		_LCD_send_command
 This function is called by:
		_LCD_write_message
		_main
		_LCD_write_string
 This function uses a non-reentrant model


 *************** function _LCD_initialize *****************
 Defined at:
		line 283 in file "I:/Tesina/LaurTec_PIC_libraries_v_3.3.0/src\LCD_44780.c"
 Parameters:    Size  Location     Type
  quartz_frequ    1    wreg     unsigned char 
 Auto vars:     Size  Location     Type
  quartz_frequ    1   40[COMRAM] unsigned char 
 Return value:  Size  Location     Type
                  1    wreg      void 
 Registers used:
		wreg, status,2, status,0, prodl, prodh, cstack
 Tracked objects:
		On entry : 
		On exit  : 
		Unchanged: 
 Data sizes:     COMRAM   BANK0   BANK1   BANK2
      Params:         0       0       0       0
      Locals:         1       0       0       0
      Temps:          0       0       0       0
      Totals:         1       0       0       0
Total ram usage:        1 bytes
 Hardware stack levels used:    1
 Hardware stack levels required when called:    7
 This function calls:
		_LCD_clear
		_LCD_cursor
		_LCD_send_command
		_delay_ms
		_delay_set_quartz
 This function is called by:
		_main
 This function uses a non-reentrant model


 *************** function _delay_set_quartz *****************
 Defined at:
		line 115 in file "I:/Tesina/LaurTec_PIC_libraries_v_3.3.0/src\delay.c"
 Parameters:    Size  Location     Type
  frequency       1    wreg     unsigned char 
 Auto vars:     Size  Location     Type
  frequency       1   26[COMRAM] unsigned char 
 Return value:  Size  Location     Type
                  1    wreg      void 
 Registers used:
		wreg
 Tracked objects:
		On entry : 
		On exit  : 
		Unchanged: 
 Data sizes:     COMRAM   BANK0   BANK1   BANK2
      Params:         0       0       0       0
      Locals:         1       0       0       0
      Temps:          0       0       0       0
      Totals:         1       0       0       0
Total ram usage:        1 bytes
 Hardware stack levels used:    1
 Hardware stack levels required when called:    2
 This function calls:
		Nothing
 This function is called by:
		_LCD_initialize
 This function uses a non-reentrant model


 *************** function _LCD_cursor *****************
 Defined at:
		line 266 in file "I:/Tesina/LaurTec_PIC_libraries_v_3.3.0/src\LCD_44780.c"
 Parameters:    Size  Location     Type
  active          1    wreg     unsigned char 
  blinking        1   38[COMRAM] unsigned char 
 Auto vars:     Size  Location     Type
  active          1   39[COMRAM] unsigned char 
 Return value:  Size  Location     Type
                  1    wreg      void 
 Registers used:
		wreg, status,2, status,0, prodl, prodh, cstack
 Tracked objects:
		On entry : 
		On exit  : 
		Unchanged: 
 Data sizes:     COMRAM   BANK0   BANK1   BANK2
      Params:         1       0       0       0
      Locals:         1       0       0       0
      Temps:          0       0       0       0
      Totals:         2       0       0       0
Total ram usage:        2 bytes
 Hardware stack levels used:    1
 Hardware stack levels required when called:    6
 This function calls:
		_LCD_send_command
 This function is called by:
		_LCD_initialize
 This function uses a non-reentrant model


 *************** function _LCD_clear *****************
 Defined at:
		line 257 in file "I:/Tesina/LaurTec_PIC_libraries_v_3.3.0/src\LCD_44780.c"
 Parameters:    Size  Location     Type
		None
 Auto vars:     Size  Location     Type
		None
 Return value:  Size  Location     Type
                  1    wreg      void 
 Registers used:
		wreg, status,2, status,0, prodl, prodh, cstack
 Tracked objects:
		On entry : 
		On exit  : 
		Unchanged: 
 Data sizes:     COMRAM   BANK0   BANK1   BANK2
      Params:         0       0       0       0
      Locals:         0       0       0       0
      Temps:          0       0       0       0
      Totals:         0       0       0       0
Total ram usage:        0 bytes
 Hardware stack levels used:    1
 Hardware stack levels required when called:    6
 This function calls:
		_LCD_send_command
 This function is called by:
		_LCD_initialize
		_main
 This function uses a non-reentrant model


 *************** function _LCD_goto_xy *****************
 Defined at:
		line 136 in file "I:/Tesina/LaurTec_PIC_libraries_v_3.3.0/src\LCD_44780.c"
 Parameters:    Size  Location     Type
  x               1    wreg     unsigned char 
  y               1   41[COMRAM] unsigned char 
 Auto vars:     Size  Location     Type
  x               1    0[BANK0 ] unsigned char 
 Return value:  Size  Location     Type
                  1    wreg      void 
 Registers used:
		wreg, status,2, status,0, prodl, prodh, cstack
 Tracked objects:
		On entry : 
		On exit  : 
		Unchanged: 
 Data sizes:     COMRAM   BANK0   BANK1   BANK2
      Params:         1       0       0       0
      Locals:         0       1       0       0
      Temps:          0       0       0       0
      Totals:         1       1       0       0
Total ram usage:        2 bytes
 Hardware stack levels used:    1
 Hardware stack levels required when called:    7
 This function calls:
		_LCD_goto_line
		_LCD_shift_cursor
 This function is called by:
		_main
 This function uses a non-reentrant model


 *************** function _LCD_shift_cursor *****************
 Defined at:
		line 98 in file "I:/Tesina/LaurTec_PIC_libraries_v_3.3.0/src\LCD_44780.c"
 Parameters:    Size  Location     Type
  shift           1    wreg     unsigned char 
  number_of_sh    1   38[COMRAM] unsigned char 
 Auto vars:     Size  Location     Type
  shift           1   39[COMRAM] unsigned char 
  i               1   40[COMRAM] unsigned char 
 Return value:  Size  Location     Type
                  1    wreg      void 
 Registers used:
		wreg, status,2, status,0, prodl, prodh, cstack
 Tracked objects:
		On entry : 
		On exit  : 
		Unchanged: 
 Data sizes:     COMRAM   BANK0   BANK1   BANK2
      Params:         1       0       0       0
      Locals:         2       0       0       0
      Temps:          0       0       0       0
      Totals:         3       0       0       0
Total ram usage:        3 bytes
 Hardware stack levels used:    1
 Hardware stack levels required when called:    6
 This function calls:
		_LCD_send_command
 This function is called by:
		_LCD_goto_xy
 This function uses a non-reentrant model


 *************** function _LCD_goto_line *****************
 Defined at:
		line 111 in file "I:/Tesina/LaurTec_PIC_libraries_v_3.3.0/src\LCD_44780.c"
 Parameters:    Size  Location     Type
  line            1    wreg     unsigned char 
 Auto vars:     Size  Location     Type
  line            1   38[COMRAM] unsigned char 
 Return value:  Size  Location     Type
                  1    wreg      void 
 Registers used:
		wreg, status,2, status,0, prodl, prodh, cstack
 Tracked objects:
		On entry : 
		On exit  : 
		Unchanged: 
 Data sizes:     COMRAM   BANK0   BANK1   BANK2
      Params:         0       0       0       0
      Locals:         1       0       0       0
      Temps:          0       0       0       0
      Totals:         1       0       0       0
Total ram usage:        1 bytes
 Hardware stack levels used:    1
 Hardware stack levels required when called:    6
 This function calls:
		_LCD_send_command
 This function is called by:
		_LCD_goto_xy
 This function uses a non-reentrant model


 *************** function _LCD_send_command *****************
 Defined at:
		line 61 in file "I:/Tesina/LaurTec_PIC_libraries_v_3.3.0/src\LCD_44780.c"
 Parameters:    Size  Location     Type
  D3              1    wreg     unsigned char 
  D2              1   34[COMRAM] unsigned char 
  D1              1   35[COMRAM] unsigned char 
  D0              1   36[COMRAM] unsigned char 
 Auto vars:     Size  Location     Type
  D3              1   37[COMRAM] unsigned char 
 Return value:  Size  Location     Type
                  1    wreg      void 
 Registers used:
		wreg, status,2, status,0, prodl, prodh, cstack
 Tracked objects:
		On entry : 
		On exit  : 
		Unchanged: 
 Data sizes:     COMRAM   BANK0   BANK1   BANK2
      Params:         3       0       0       0
      Locals:         1       0       0       0
      Temps:          0       0       0       0
      Totals:         4       0       0       0
Total ram usage:        4 bytes
 Hardware stack levels used:    1
 Hardware stack levels required when called:    5
 This function calls:
		_LCD_enable_pulse
 This function is called by:
		_LCD_shift_cursor
		_LCD_goto_line
		_LCD_write_char
		_LCD_clear
		_LCD_cursor
		_LCD_initialize
		_LCD_home
		_LCD_shift
 This function uses a non-reentrant model


 *************** function _LCD_enable_pulse *****************
 Defined at:
		line 49 in file "I:/Tesina/LaurTec_PIC_libraries_v_3.3.0/src\LCD_44780.c"
 Parameters:    Size  Location     Type
		None
 Auto vars:     Size  Location     Type
		None
 Return value:  Size  Location     Type
                  1    wreg      void 
 Registers used:
		wreg, status,2, status,0, prodl, prodh, cstack
 Tracked objects:
		On entry : 
		On exit  : 
		Unchanged: 
 Data sizes:     COMRAM   BANK0   BANK1   BANK2
      Params:         0       0       0       0
      Locals:         0       0       0       0
      Temps:          0       0       0       0
      Totals:         0       0       0       0
Total ram usage:        0 bytes
 Hardware stack levels used:    1
 Hardware stack levels required when called:    4
 This function calls:
		_delay_ms
 This function is called by:
		_LCD_send_command
 This function uses a non-reentrant model


 *************** function _delay_ms *****************
 Defined at:
		line 61 in file "I:/Tesina/LaurTec_PIC_libraries_v_3.3.0/src\delay.c"
 Parameters:    Size  Location     Type
  value_ms        2   32[COMRAM] unsigned int 
 Auto vars:     Size  Location     Type
		None
 Return value:  Size  Location     Type
                  1    wreg      void 
 Registers used:
		wreg, status,2, status,0, prodl, prodh, cstack
 Tracked objects:
		On entry : 
		On exit  : 
		Unchanged: 
 Data sizes:     COMRAM   BANK0   BANK1   BANK2
      Params:         2       0       0       0
      Locals:         0       0       0       0
      Temps:          0       0       0       0
      Totals:         2       0       0       0
Total ram usage:        2 bytes
 Hardware stack levels used:    1
 Hardware stack levels required when called:    3
 This function calls:
		___wmul
 This function is called by:
		_LCD_enable_pulse
		_LCD_initialize
		_main
		_delay_s
 This function uses a non-reentrant model


 *************** function ___wmul *****************
 Defined at:
		line 15 in file "C:\Program Files (x86)\Microchip\xc8\v1.36\sources\common\Umul16.c"
 Parameters:    Size  Location     Type
  multiplier      2   26[COMRAM] unsigned int 
  multiplicand    2   28[COMRAM] unsigned int 
 Auto vars:     Size  Location     Type
  product         2   30[COMRAM] unsigned int 
 Return value:  Size  Location     Type
                  2   26[COMRAM] unsigned int 
 Registers used:
		wreg, status,2, status,0, prodl, prodh
 Tracked objects:
		On entry : 
		On exit  : 
		Unchanged: 
 Data sizes:     COMRAM   BANK0   BANK1   BANK2
      Params:         4       0       0       0
      Locals:         2       0       0       0
      Temps:          0       0       0       0
      Totals:         6       0       0       0
Total ram usage:        6 bytes
 Hardware stack levels used:    1
 Hardware stack levels required when called:    2
 This function calls:
		Nothing
 This function is called by:
		_delay_ms
 This function uses a non-reentrant model


 *************** function _ISR_Alta *****************
 Defined at:
		line 14 in file "lcdCan.c"
 Parameters:    Size  Location     Type
		None
 Auto vars:     Size  Location     Type
		None
 Return value:  Size  Location     Type
                  1    wreg      void 
 Registers used:
		wreg, fsr2l, fsr2h, status,2, status,0, cstack
 Tracked objects:
		On entry : 
		On exit  : 
		Unchanged: 
 Data sizes:     COMRAM   BANK0   BANK1   BANK2
      Params:         0       0       0       0
      Locals:         0       0       0       0
      Temps:         14       0       0       0
      Totals:        14       0       0       0
Total ram usage:       14 bytes
 Hardware stack levels used:    1
 Hardware stack levels required when called:    1
 This function calls:
		_CANisRxReady
		_CANreceiveMessage
 This function is called by:
		Interrupt level 2
 This function uses a non-reentrant model


 *************** function _CANreceiveMessage *****************
 Defined at:
		line 528 in file "I:/Tesina/LaurTec_PIC_libraries_v_3.3.0/inc\CANlib.h"
 Parameters:    Size  Location     Type
  msg             2    0[COMRAM] PTR struct .
		 -> msg(15), 
 Auto vars:     Size  Location     Type
  tamp            1   11[COMRAM] unsigned char 
  error           1   10[COMRAM] unsigned char 
 Return value:  Size  Location     Type
                  1    wreg      unsigned char 
 Registers used:
		wreg, fsr2l, fsr2h, status,2, status,0
 Tracked objects:
		On entry : 
		On exit  : 
		Unchanged: 
 Data sizes:     COMRAM   BANK0   BANK1   BANK2
      Params:         2       0       0       0
      Locals:         2       0       0       0
      Temps:          8       0       0       0
      Totals:        12       0       0       0
Total ram usage:       12 bytes
 Hardware stack levels used:    1
 This function calls:
		Nothing
 This function is called by:
		_ISR_Alta
 This function uses a non-reentrant model


 *************** function _CANisRxReady *****************
 Defined at:
		line 1163 in file "I:/Tesina/LaurTec_PIC_libraries_v_3.3.0/inc\CANlib.h"
 Parameters:    Size  Location     Type
		None
 Auto vars:     Size  Location     Type
		None
 Return value:  Size  Location     Type
                  1    wreg      unsigned char 
 Registers used:
		wreg, status,2
 Tracked objects:
		On entry : 
		On exit  : 
		Unchanged: 
 Data sizes:     COMRAM   BANK0   BANK1   BANK2
      Params:         0       0       0       0
      Locals:         1       0       0       0
      Temps:          0       0       0       0
      Totals:         1       0       0       0
Total ram usage:        1 bytes
 Hardware stack levels used:    1
 This function calls:
		Nothing
 This function is called by:
		_ISR_Alta
 This function uses a non-reentrant model



MODULE INFORMATION

Module		Function		Class		Link	Load	Size
I:/Tesina/LaurTec_PIC_libraries_v_3.3.0/src\delay.c
		_delay_set_quartz		CODE           	1B8E	0000	9
		_delay_ms      		CODE           	1A04	0000	51

I:/Tesina/LaurTec_PIC_libraries_v_3.3.0/src\delay.c estimated size: 60

I:/Tesina/LaurTec_PIC_libraries_v_3.3.0/inc\CANlib.h
		_CANSetFilter  		CODE           	0306	0000	2397
		_CANisRxReady  		CODE           	1B66	0000	23
		_CANreceiveMessage		CODE           	0C62	0000	1293
		_CANInitialize 		CODE           	147E	0000	435
		_CANOperationMode		CODE           	1B7C	0000	19
		_CANSetMask    		CODE           	116E	0000	785

I:/Tesina/LaurTec_PIC_libraries_v_3.3.0/inc\CANlib.h estimated size: 4952

C:\Program Files (x86)\Microchip\xc8\v1.36\sources\common\Umul16.c
		___wmul        		CODE           	1B0A	0000	39

C:\Program Files (x86)\Microchip\xc8\v1.36\sources\common\Umul16.c estimated size: 39

lcdCan.c
		_configurazione		CODE           	197A	0000	83
		_main          		CODE           	1920	0000	91
		_ISR_Alta      		CODE           	0008	0000	151

lcdCan.c estimated size: 325

I:/Tesina/LaurTec_PIC_libraries_v_3.3.0/src\LCD_44780.c
		_LCD_clear     		CODE           	1AE4	0000	39
		_LCD_cursor    		CODE           	1ABC	0000	41
		_LCD_goto_xy   		CODE           	1B4E	0000	25
		_LCD_goto_line 		CODE           	174A	0000	185
		_LCD_shift_cursor		CODE           	19CC	0000	57
		_LCD_enable_pulse		CODE           	1B30	0000	31
		_LCD_write_message		CODE           	1A92	0000	43
		_LCD_write_char		CODE           	1802	0000	151
		_LCD_send_command		CODE           	1A36	0000	49
		_LCD_initialize		CODE           	1630	0000	283

I:/Tesina/LaurTec_PIC_libraries_v_3.3.0/src\LCD_44780.c estimated size: 904

shared
		__initialization		CODE           	1A66	0000	31

shared estimated size: 31

